{
    "Should run without failures": {
        "content": [
            {
                "0": [
                    [
                        "sample1",
                        "sample1.kraken.mpa:md5,cba2542341f04c4893ca168759a89e44"
                    ],
                    [
                        "sample2",
                        "sample2.kraken.mpa:md5,97f4577c52e740fc33ee805aeb0ab4bc"
                    ],
                    [
                        "sample3",
                        "sample3.kraken.mpa:md5,3f03ead5cf57c14321835539aa757ba1"
                    ]
                ],
                "mpa_report": [
                    [
                        "sample1",
                        "sample1.kraken.mpa:md5,cba2542341f04c4893ca168759a89e44"
                    ],
                    [
                        "sample2",
                        "sample2.kraken.mpa:md5,97f4577c52e740fc33ee805aeb0ab4bc"
                    ],
                    [
                        "sample3",
                        "sample3.kraken.mpa:md5,3f03ead5cf57c14321835539aa757ba1"
                    ]
                ]
            }
        ],
        "meta": {
            "nf-test": "0.9.2",
            "nextflow": "24.10.4"
        },
        "timestamp": "2025-03-19T12:22:29.810224008"
    }
}