{
    "RUN_KRAKEN2 runs without errors and generates the expected output files": {
        "content": [
            [
                [
                    "sample1",
                    "sample1.kraken:md5,dcede8f8eea90bbcb1b94086ea367925"
                ]
            ]
        ],
        "meta": {
            "nf-test": "0.9.2",
            "nextflow": "24.10.5"
        },
        "timestamp": "2025-06-23T09:07:57.655930385"
    }
}