{
    "BAM_TO_FASTQ runs without errors and generates the expected output files": {
        "content": [
            [
                [
                    "sample1",
                    "sample1_1.fq.gz:md5,fb6ab48258541877c627e1d36a009439",
                    "sample1_2.fq.gz:md5,01179a804ba3e4f6872946656eb52f6c"
                ],
                [
                    "sample2",
                    "sample2_1.fq.gz:md5,fb6ab48258541877c627e1d36a009439",
                    "sample2_2.fq.gz:md5,01179a804ba3e4f6872946656eb52f6c"
                ]
            ]
        ],
        "meta": {
            "nf-test": "0.9.2",
            "nextflow": "24.10.5"
        },
        "timestamp": "2025-06-23T09:45:26.993465653"
    }
}