{
    "BAM_TO_FASTQ runs without errors and generates the expected output files": {
        "content": [
            [
                [
                    "46643_1#11",
                    "46643_1#11_1.fq.gz:md5,d41d8cd98f00b204e9800998ecf8427e",
                    "46643_1#11_2.fq.gz:md5,d41d8cd98f00b204e9800998ecf8427e"
                ],
                [
                    "46643_1#14",
                    "46643_1#14_1.fq.gz:md5,d41d8cd98f00b204e9800998ecf8427e",
                    "46643_1#14_2.fq.gz:md5,d41d8cd98f00b204e9800998ecf8427e"
                ],
                [
                    "46643_1#5",
                    "46643_1#5_1.fq.gz:md5,d41d8cd98f00b204e9800998ecf8427e",
                    "46643_1#5_2.fq.gz:md5,d41d8cd98f00b204e9800998ecf8427e"
                ]
            ]
        ],
        "meta": {
            "nf-test": "0.9.2",
            "nextflow": "24.10.5"
        },
        "timestamp": "2025-10-10T10:12:46.606132484"
    }
}